make.exe all --print-data-base --no-builtin-variables --no-builtin-rules --question
# GNU Make 3.81
# Copyright (C) 2006  Free Software Foundation, Inc.
# This is free software; see the source for copying conditions.
# There is NO warranty; not even for MERCHANTABILITY or FITNESS FOR A
# PARTICULAR PURPOSE.

# This program built for i686-pc-msys
 
make.exe: *** No rule to make target `all'.  Stop.


# Make data base, printed on Fri Nov 28 21:27:20 2025

# Variables

# automatic
<D = $(patsubst %/,%,$(dir $<))
# automatic
?F = $(notdir $?)
# environment
STM32_PRG_PATH = E:\office2\cubeprogrammer\bin
# environment
STM32CLT_PATH = E:\office2\stm32cubecli\software
# environment
VSCODE_CRASH_REPORTER_PROCESS_TYPE = extensionHost
# makefile
MAKEFLAGS = Rrqp
# automatic
?D = $(patsubst %/,%,$(dir $?))
# automatic
@D = $(patsubst %/,%,$(dir $@))
# environment
HOMEDRIVE = C:
# automatic
@F = $(notdir $@)
# automatic
^D = $(patsubst %/,%,$(dir $^))
# makefile
CURDIR := /e/CODE_b/stm32ai/4k_music_game
# default
SHELL := /bin/sh
# environment
WINDIR = C:\WINDOWS
# environment
VSCODE_NLS_CONFIG = {"userLocale":"zh-cn","osLocale":"zh-cn","resolvedLanguage":"zh-cn","defaultMessagesFile":"C:\\Users\\lenovo\\AppData\\Local\\Programs\\Microsoft VS Code\\resources\\app\\out\\nls.messages.json","languagePack":{"translationsConfigFile":"C:\\Users\\lenovo\\AppData\\Roaming\\Code\\clp\\e48cb33a7b5796d4ba1f43c8a8193679.zh-cn\\tcf.json","messagesFile":"C:\\Users\\lenovo\\AppData\\Roaming\\Code\\clp\\e48cb33a7b5796d4ba1f43c8a8193679.zh-cn\\bf9252a2fb45be6893dd8870c0bf37e2e1766d61\\nls.messages.json","corruptMarkerFile":"C:\\Users\\lenovo\\AppData\\Roaming\\Code\\clp\\e48cb33a7b5796d4ba1f43c8a8193679.zh-cn\\corrupted.info"},"locale":"zh-cn","availableLanguages":{"*":"zh-cn"},"_languagePackId":"e48cb33a7b5796d4ba1f43c8a8193679.zh-cn","_languagePackSupport":true,"_translationsConfigFile":"C:\\Users\\lenovo\\AppData\\Roaming\\Code\\clp\\e48cb33a7b5796d4ba1f43c8a8193679.zh-cn\\tcf.json","_cacheRoot":"C:\\Users\\lenovo\\AppData\\Roaming\\Code\\clp\\e48cb33a7b5796d4ba1f43c8a8193679.zh-cn","_resolvedLanguagePackCoreLocation":"C:\\Users\\lenovo\\AppData\\Roaming\\Code\\clp\\e48cb33a7b5796d4ba1f43c8a8193679.zh-cn\\bf9252a2fb45be6893dd8870c0bf37e2e1766d61","_corruptedFile":"C:\\Users\\lenovo\\AppData\\Roaming\\Code\\clp\\e48cb33a7b5796d4ba1f43c8a8193679.zh-cn\\corrupted.info"}
# environment
!E: = e:\CODE_b\stm32ai\4k_music_game
# environment
ONEDRIVE = C:\Users\lenovo\OneDrive
# environment
HDC_SERVER_PORT = 65037
# environment
MOSQUITTO_DIR = E:\office2\mosquitto
# environment
VSCODE_PID = 27460
# environment
CMSIS_PACK_ROOT = C:\Users\lenovo\AppData\Local\stm32cube\packs
# environment
EFC_12776_2283032206 = 1
# environment
PATHEXT = .COM;.EXE;.BAT;.CMD;.VBS;.VBE;.JS;.JSE;.WSF;.WSH;.MSC
# makefile
MAKEFILE_LIST := 
# environment
FPS_BROWSER_USER_PROFILE_STRING = Default
# environment
TMP = /tmp
# environment
PROGRAMW6432 = C:\Program Files
# environment
PROGRAMDATA = C:\ProgramData
# environment
VSCODE_CWD = C:\WINDOWS\system32
# environment
DOTNET_MULTILEVEL_LOOKUP = undefined
# environment
GCC_TOOLCHAIN_ROOT = E:\office2\stm32cubecli\software\GNU-tools-for-STM32\bin
# environment
PATH = /c/Users/lenovo/.vscode/extensions/stmicroelectronics.stm32cube-ide-build-cmake-1.42.2/resources/cube-cmake/win32:/c/Users/lenovo/.vscode/extensions/cl.eide-3.26.1/res/tools/win32/unify_builder:/c/Users/lenovo/.eide/bin/builder/utils:/c/Users/lenovo/.eide/bin/scripts:/c/Users/lenovo/.vscode/extensions/cl.eide-3.26.1/res/tools/win32/7z:/c/Users/lenovo/.vscode/extensions/cl.eide-3.26.1/res/tools/win32/utils:/e/office2/armDeveloper/14.2 rel1/bin:/c/Users/lenovo/.eide/tools/openocd_7a1adfbec_mingw32/bin:/c/Users/lenovo/.eide/tools/openocd_7a1adfbec_mingw32/bin:/c/Users/lenovo/.eide/tools/st_cube_programer/bin:/usr/bin:/c/Users/lenovo/.vscode/extensions/stmicroelectronics.stm32cube-ide-core-1.0.3/resources/binaries/win32/x86_64:/c/Program Files (x86)/STMicroelectronics/stlink_server:/e/office2/stm32cubecli/software:/e/office2/stm32cubecli/software/CMake/bin:/e/office2/stm32cubecli/software/st-arm-clang/bin:/e/office2/stm32cubecli/software/Ninja/bin:/e/office2/stm32cubecli/software/GNU-tools-for-STM32/bin:/e/office2/stm32cubecli/software/STLink-gdb-server/bin:/e/office2/stm32cubecli/software/STM32CubeProgrammer/bin:/e/office2/wmware/bin/:/e/office2/ImageMagick-7.1.1-Q16-HDRI:/c/Program Files (x86)/Common Files/Oracle/Java/javapath:/c/WINDOWS/system32:/c/WINDOWS:/c/WINDOWS/System32/Wbem:/c/WINDOWS/System32/WindowsPowerShell/v1.0/:/c/WINDOWS/System32/OpenSSH/:/c/Program Files (x86)/NVIDIA Corporation/PhysX/Common:/e/anaconda/install/envs:/e/anaconda/install:/e/anaconda/install/condabin:/e/office2/Git/bin:/e/anaconda/install/Scripts:/c/Program Files/Docker/Docker/resources/bin:/c/Program Files/dotnet/:/d/CODE/Microsoft VS Code:/e/office2/jds/winutils/bin:/e/office2/nodejs/:/c/ProgramData/chocolatey/bin:/e/office2/ffmpeg/ffmpeg-2025-03-31-git-35c091f4b7-full_build/bin:/e/office2/miktex1/miktex/bin/x64/:/e/office2/prince/engine/bin:/e/office2/Espressif:/e/office2/postgresql/PostgreSQL/bin:/e/office2/mosquitto:/e/cuda/cuda development/bin:/c/Program Files/MySQL/MySQL Server 9.3/bin:/c/Program Files/NVIDIA Corporation/NVIDIA App/NvDLISR:/e/CODE_b/cc3200-sdk/openocd/xpack-openocd-0.12.0-7/bin:/c/Users/lenovo/.eide/tools/gcc_arm/bin:/e/CODE_b/cc3200-sdk/uniflash_3.4.1.00012_win32/Uniflash_3.4.1.00012_win32:/e/office2/stm32cubecli/software/st-arm-clang/bin:/e/office2/stm32cubecli/software/ATfE-21.1.1-Windows-x86_64/bin:/e/office2/gcc/mingw64/bin:/c/Users/lenovo/.local/bin:/c/Users/lenovo/AppData/Local/Microsoft/WindowsApps:/c/Users/lenovo/AppData/Roaming/npm:/c/Users/lenovo/AppData/Local/Programs/Microsoft VS Code/bin:/c/Users/lenovo/AppData/Local/Pandoc/:/c/Program Files/Bandizip/:/e/office2/devecostuidio/DevEco Studio/bin:.:/c/tools/msys64
# environment
COMMONPROGRAMW6432 = C:\Program Files\Common Files
# environment
ZES_ENABLE_SYSMAN = 1
# environment
VSCODE_DOTNET_INSTALL_TOOL_ORIGINAL_HOME = C:\Users\lenovo
# environment
CHOCOLATEYLASTPATHUPDATE = 134075603900971129
# environment
PROCESSOR_ARCHITECTURE = x86
# environment
USERPROFILE = C:\Users\lenovo
# environment
CHOCOLATEYINSTALL = C:\ProgramData\chocolatey
# environment
ALLUSERSPROFILE = C:\ProgramData
# environment
DEVECO STUDIO = E:\office2\devecostuidio\DevEco Studio\bin;
# environment
EIDE_BINARIES_VER = 12.1.1
# environment
NUMBER_OF_PROCESSORS = 20
# environment
ELECTRON_RUN_AS_NODE = 1
# environment
EFC_12776_3789132940 = 1
# default
.FEATURES := target-specific order-only second-expansion else-if archives jobserver check-symlink
# automatic
%F = $(notdir $%)
# environment
DOTNET_ROLL_FORWARD = Major
# environment
CHROME_CRASHPAD_PIPE_NAME = \\.\pipe\crashpad_27460_OIMNYWKGGBGMPVCM
# environment
EFC_12776_1592913036 = 1
# environment
IGCCSVC_DB = AQAAANCMnd8BFdERjHoAwE/Cl+sBAAAAZ3uwyUs90EyKZ3PyQ9F9RQQAAAACAAAAAAAQZgAAAAEAACAAAABs20pEtx/13vN3AEMnqRvyd8VwkWB/eoPy/fvGgvMcBAAAAAAOgAAAAAIAACAAAAB7a9uYXkmrBajXk/dy3c/n1gdE4uJoXZ0Ki/uOMN/uOGAAAAAtISq+tMzDIdPS20ruai1hmv1B3ryN+mnFcFWlNO4yVSajyfDBiVe9+ZhkW0wDI3Ttqxemm6yHqVquhV0YQ29zyheUNfxzhjADcpIZ8DQ7bAlM7ko5xBSoF8b7cbjYASJAAAAAm1mE0p9yciIxEp8XpfFcoW8bSzStMj45BRYFtLAB64tjtVLd0XFlIEZF/FKLGSo3PPNTjhkwFl9kkjvAv7Cz2g==
# environment
COMPUTERNAME = DESKTOP-8U2OHEH
# environment
COMMONPROPERTYBAGPATH = C:\Users\lenovo\AppData\Local\Temp\csdevkit\312d8694.json
# environment
PROGRAMFILES = C:\Program Files (x86)
# environment
DRIVERDATA = C:\Windows\System32\Drivers\DriverData
# environment
ORIGINAL_XDG_CURRENT_DESKTOP = undefined
# environment
HADOOP_HOME = E:\office2\jds\winutils
# environment
USERNAME = lenovo
# environment
PUBLIC = C:\Users\Public
# environment
HOME = /c/Users/lenovo
# environment
CHOCOLATEYTOOLSLOCATION = C:\tools
# environment
 
VSCODE_CODE_CACHE_PATH = C:\Users\lenovo\AppData\Roaming\Code\CachedData\bf9252a2fb45be6893dd8870c0bf37e2e1766d61
# environment
APPLICATION_INSIGHTS_NO_DIAGNOSTIC_CHANNEL = true
# environment
COMMONPROPERTYBAGWITHCONFIGPATH = C:\Users\lenovo\AppData\Local\Temp\csdevkit\ff456336084d1764336222916.json
# environment
COMMONPROGRAMFILES = C:\Program Files (x86)\Common Files
# environment
LOGONSERVER = \\DESKTOP-8U2OHEH
# environment
VSCODE_HANDLES_UNCAUGHT_ERRORS = true
# environment
USERDOMAIN = DESKTOP-8U2OHEH
# environment
HF_ENDPOINT = https://hf-mirror.com
# environment
EIDE_TOOL_OPENOCD = C:\Users\lenovo\.eide\tools\openocd_7a1adfbec_mingw32\bin
# default
MAKE = $(MAKE_COMMAND)
# environment
EIDE_PY3_CMD = C:\Users\lenovo\.eide\bin\python36\python3.exe
# environment
PROCESSOR_IDENTIFIER = Intel64 Family 6 Model 154 Stepping 3, GenuineIntel
# environment
VSCODE_ESM_ENTRYPOINT = vs/workbench/api/node/extensionHostProcess
# default
MAKE_VERSION := 3.81
# environment
NODE_UNC_HOST_ALLOWLIST = wsl.localhost
# makefile
.DEFAULT_GOAL := 
# environment
APPLICATION_INSIGHTS_NO_STATSBEAT = true
# default
MAKECMDGOALS := all
# environment
PROGRAMFILES(X86) = C:\Program Files (x86)
# environment
EIDE_MSYS = C:\Users\lenovo\.eide\bin\builder\msys\bin
# automatic
%D = $(patsubst %/,%,$(dir $%))
# environment
DOTNET_CLI_UI_LANGUAGE = en-US
# environment
LOCALAPPDATA = C:\Users\lenovo\AppData\Local
# environment
EFC_12776_2775293581 = 1
# environment
PSMODULEPATH = C:\Program Files\WindowsPowerShell\Modules;C:\WINDOWS\system32\WindowsPowerShell\v1.0\Modules
# default
MAKE_COMMAND := make.exe
# environment
PROCESSOR_ARCHITEW6432 = AMD64
# default
.VARIABLES := 
# automatic
*F = $(notdir $*)
# environment
EFC_12776_1262719628 = 1
# environment
OS = Windows_NT
# environment
VSCODE_IPC_HOOK = \\.\pipe\f91f9d04-1.106.3-main-sock
# environment
DOTNET_NOLOGO = true
# environment
HOMEPATH = \
# environment
COMMONPROGRAMFILES(X86) = C:\Program Files (x86)\Common Files
# environment
PROMPT = $P$G
# environment
MFLAGS = -Rrqp
# automatic
*D = $(patsubst %/,%,$(dir $*))
# environment
SYSTEMROOT = C:\WINDOWS
# automatic
+D = $(patsubst %/,%,$(dir $+))
# environment
EIDE_TOOL_GCC_ARM = E:\office2\armDeveloper\14.2 rel1\bin
# environment
VSCODE_L10N_BUNDLE_LOCATION = file:///c%3A/Users/lenovo/.vscode/extensions/ms-ceintl.vscode-language-pack-zh-hans-1.106.2025111209/translations/extensions/vscode.json-language-features.i18n.json
# automatic
+F = $(notdir $+)
# environment
APPDATA = C:\Users\lenovo\AppData\Roaming
# environment
TEMP = /tmp
# environment
COMSPEC = C:\WINDOWS\system32\cmd.exe
# default
MAKEFILES := 
# environment
IDF_TOOLS_PATH = E:\office2\Espressif
# environment
CLANG_GCC_CMSIS_COMPILER = E:\office2\stm32cubecli\software\st-arm-clang
# automatic
<F = $(notdir $<)
# environment
CUBE_BUNDLE_PATH = C:\Users\lenovo\AppData\Local\stm32cube\bundles
# environment
LC_ALL = C
# automatic
^F = $(notdir $^)
# environment
EIDE_TOOL_OPENOCD_7A1ADFBEC_MINGW32 = C:\Users\lenovo\.eide\tools\openocd_7a1adfbec_mingw32\bin
# default
SUFFIXES := 
# environment
SYSTEMDRIVE = C:
# environment
SESSIONNAME = Console
# environment
PROCESSOR_REVISION = 9a03
# default
.INCLUDE_DIRS = /usr/include /usr/include
# environment
MAKELEVEL := 0
# environment
LANG = C
# environment
PROCESSOR_LEVEL = 6
# environment
TERM = cygwin
# environment
FPS_BROWSER_APP_PROFILE_STRING = Internet Explorer
# environment
APPLICATIONINSIGHTS_CONFIGURATION_CONTENT = {}
# environment
EIDE_TOOL_ST_CUBE_PROGRAMER = C:\Users\lenovo\.eide\tools\st_cube_programer\bin
# environment
DOTNET_CLI_TELEMETRY_OPTOUT = 1
# environment
USERDOMAIN_ROAMINGPROFILE = DESKTOP-8U2OHEH
# variable set hash-table stats:
# Load=129/1024=13%, Rehash=0, Collisions=16/151=11%

# Pattern-specific Variable Values

# No pattern-specific variable values.

# Directories

# . (device 27567, inode 3633941): 23 files, no impossibilities.

# 23 files, no impossibilities in 1 directories.

# Implicit Rules

# No implicit rules.

# Files

# Not a target:
all:
#  Command-line target.
#  Implicit rule search has been done.
#  File does not exist.
#  File has not been updated.
# variable set hash-table stats:
# Load=0/32=0%, Rehash=0, Collisions=0/0=0%

# Not a target:
.SUFFIXES:
#  Implicit rule search has not been done.
#  Modification time never checked.
#  File has not been updated.

# Not a target:
Makefile:
#  A default, MAKEFILES, or -include/sinclude makefile.
#  Implicit rule search has been done.
#  File does not exist.
#  File has been updated.
#  Failed to be updated.
# variable set hash-table stats:
# Load=0/32=0%, Rehash=0, Collisions=0/0=0%

# Not a target:
makefile:
#  A default, MAKEFILES, or -include/sinclude makefile.
#  Implicit rule search has been done.
#  File does not exist.
#  File has been updated.
#  Failed to be updated.
# variable set hash-table stats:
# Load=0/32=0%, Rehash=0, Collisions=0/0=0%

# Not a target:
.DEFAULT:
#  Implicit rule search has not been done.
#  Modification time never checked.
#  File has not been updated.

# Not a target:
GNUmakefile:
#  A default, MAKEFILES, or -include/sinclude makefile.
#  Implicit rule search has been done.
#  File does not exist.
#  File has been updated.
#  Failed to be updated.
# variable set hash-table stats:
# Load=0/32=0%, Rehash=0, Collisions=0/0=0%

# files hash-table stats:
# Load=6/1024=1%, Rehash=0, Collisions=0/16=0%
# VPATH Search Paths

# No `vpath' search paths.

# No general (`VPATH' variable) search path.

# # of strings in strcache: 0
# # of strcache buffers: 0
# strcache size: total = 0 / max = 0 / min = 4096 / avg = 0
# strcache free: total = 0 / max = 0 / min = 4096 / avg = 0
 

# Finished Make data base on Fri Nov 28 21:27:20 2025

 
